MPLINK 4.49, Linker
Linker Map File - Created Sun May 28 20:30:54 2023

                                 Section Info
                  Section       Type    Address   Location Size(Bytes)
                ---------  ---------  ---------  ---------  ---------
                   .org_0       code   0x000000    program   0x000000
                   .org_1       code   0x000000    program   0x000002
                   .org_2       code   0x000005    program   0x0000a4



                              Program Memory Usage 
                               Start         End      
                           ---------   ---------      
                            0x000000    0x000000      
                            0x000005    0x000056      
            83 out of 8454 program addresses used, program memory utilization is 0%



                              Symbols - Sorted by Name
                     Name    Address   Location    Storage File                     
                ---------  ---------  ---------  --------- ---------                
                 ADELANTE   0x00002a    program     static D:\carlo\Documentos\FI\8vo Semestre\Micro-computadoras\Microcomputadoras\Proyecto4\proyecto4.asm
                    ATRAS   0x000038    program     static D:\carlo\Documentos\FI\8vo Semestre\Micro-computadoras\Microcomputadoras\Proyecto4\proyecto4.asm
                  DERECHA   0x00002e    program     static D:\carlo\Documentos\FI\8vo Semestre\Micro-computadoras\Microcomputadoras\Proyecto4\proyecto4.asm
                  ES_CERO   0x000043    program     static D:\carlo\Documentos\FI\8vo Semestre\Micro-computadoras\Microcomputadoras\Proyecto4\proyecto4.asm
                   ES_UNO   0x000040    program     static D:\carlo\Documentos\FI\8vo Semestre\Micro-computadoras\Microcomputadoras\Proyecto4\proyecto4.asm
                   INICIO   0x000005    program     static D:\carlo\Documentos\FI\8vo Semestre\Micro-computadoras\Microcomputadoras\Proyecto4\proyecto4.asm
                IZQUIERDA   0x000034    program     static D:\carlo\Documentos\FI\8vo Semestre\Micro-computadoras\Microcomputadoras\Proyecto4\proyecto4.asm
                    PARAR   0x000032    program     static D:\carlo\Documentos\FI\8vo Semestre\Micro-computadoras\Microcomputadoras\Proyecto4\proyecto4.asm
                   RECIBE   0x000013    program     static D:\carlo\Documentos\FI\8vo Semestre\Micro-computadoras\Microcomputadoras\Proyecto4\proyecto4.asm
                  RETARDO   0x00004a    program     static D:\carlo\Documentos\FI\8vo Semestre\Micro-computadoras\Microcomputadoras\Proyecto4\proyecto4.asm
                 TRASMITE   0x000045    program     static D:\carlo\Documentos\FI\8vo Semestre\Micro-computadoras\Microcomputadoras\Proyecto4\proyecto4.asm
                    dosA1   0x00004e    program     static D:\carlo\Documentos\FI\8vo Semestre\Micro-computadoras\Microcomputadoras\Proyecto4\proyecto4.asm
                   tresA1   0x00004c    program     static D:\carlo\Documentos\FI\8vo Semestre\Micro-computadoras\Microcomputadoras\Proyecto4\proyecto4.asm
                    unoA1   0x000050    program     static D:\carlo\Documentos\FI\8vo Semestre\Micro-computadoras\Microcomputadoras\Proyecto4\proyecto4.asm



                              Symbols - Sorted by Address
                     Name    Address   Location    Storage File                     
                ---------  ---------  ---------  --------- ---------                
                   INICIO   0x000005    program     static D:\carlo\Documentos\FI\8vo Semestre\Micro-computadoras\Microcomputadoras\Proyecto4\proyecto4.asm
                   RECIBE   0x000013    program     static D:\carlo\Documentos\FI\8vo Semestre\Micro-computadoras\Microcomputadoras\Proyecto4\proyecto4.asm
                 ADELANTE   0x00002a    program     static D:\carlo\Documentos\FI\8vo Semestre\Micro-computadoras\Microcomputadoras\Proyecto4\proyecto4.asm
                  DERECHA   0x00002e    program     static D:\carlo\Documentos\FI\8vo Semestre\Micro-computadoras\Microcomputadoras\Proyecto4\proyecto4.asm
                    PARAR   0x000032    program     static D:\carlo\Documentos\FI\8vo Semestre\Micro-computadoras\Microcomputadoras\Proyecto4\proyecto4.asm
                IZQUIERDA   0x000034    program     static D:\carlo\Documentos\FI\8vo Semestre\Micro-computadoras\Microcomputadoras\Proyecto4\proyecto4.asm
                    ATRAS   0x000038    program     static D:\carlo\Documentos\FI\8vo Semestre\Micro-computadoras\Microcomputadoras\Proyecto4\proyecto4.asm
                   ES_UNO   0x000040    program     static D:\carlo\Documentos\FI\8vo Semestre\Micro-computadoras\Microcomputadoras\Proyecto4\proyecto4.asm
                  ES_CERO   0x000043    program     static D:\carlo\Documentos\FI\8vo Semestre\Micro-computadoras\Microcomputadoras\Proyecto4\proyecto4.asm
                 TRASMITE   0x000045    program     static D:\carlo\Documentos\FI\8vo Semestre\Micro-computadoras\Microcomputadoras\Proyecto4\proyecto4.asm
                  RETARDO   0x00004a    program     static D:\carlo\Documentos\FI\8vo Semestre\Micro-computadoras\Microcomputadoras\Proyecto4\proyecto4.asm
                   tresA1   0x00004c    program     static D:\carlo\Documentos\FI\8vo Semestre\Micro-computadoras\Microcomputadoras\Proyecto4\proyecto4.asm
                    dosA1   0x00004e    program     static D:\carlo\Documentos\FI\8vo Semestre\Micro-computadoras\Microcomputadoras\Proyecto4\proyecto4.asm
                    unoA1   0x000050    program     static D:\carlo\Documentos\FI\8vo Semestre\Micro-computadoras\Microcomputadoras\Proyecto4\proyecto4.asm


