MPLINK 4.49, Linker
Linker Map File - Created Tue Apr 25 21:19:23 2023

                                 Section Info
                  Section       Type    Address   Location Size(Bytes)
                ---------  ---------  ---------  ---------  ---------
                   .org_0       code   0x000000    program   0x000000
                   .org_1       code   0x000000    program   0x000002
                   .org_2       code   0x000005    program   0x0004ba



                              Program Memory Usage 
                               Start         End      
                           ---------   ---------      
                            0x000000    0x000000      
                            0x000005    0x000261      
            606 out of 8454 program addresses used, program memory utilization is 7%



                              Symbols - Sorted by Name
                     Name    Address   Location    Storage File                     
                ---------  ---------  ---------  --------- ---------                
              Comparacion   0x000179    program     static D:\carlo\Documentos\FI\8vo Semestre\Microcomputadoras\Proyecto2\Mi versión\Areli\prueba.asm
           EntradaTeclado   0x00001b    program     static D:\carlo\Documentos\FI\8vo Semestre\Microcomputadoras\Proyecto2\Mi versión\Areli\prueba.asm
                  binario   0x00005a    program     static D:\carlo\Documentos\FI\8vo Semestre\Microcomputadoras\Proyecto2\Mi versión\Areli\prueba.asm
                bit0_cero   0x000225    program     static D:\carlo\Documentos\FI\8vo Semestre\Microcomputadoras\Proyecto2\Mi versión\Areli\prueba.asm
                 bit0_uno   0x00023d    program     static D:\carlo\Documentos\FI\8vo Semestre\Microcomputadoras\Proyecto2\Mi versión\Areli\prueba.asm
                bit1_cero   0x000228    program     static D:\carlo\Documentos\FI\8vo Semestre\Microcomputadoras\Proyecto2\Mi versión\Areli\prueba.asm
                 bit1_uno   0x000240    program     static D:\carlo\Documentos\FI\8vo Semestre\Microcomputadoras\Proyecto2\Mi versión\Areli\prueba.asm
                bit2_cero   0x00022b    program     static D:\carlo\Documentos\FI\8vo Semestre\Microcomputadoras\Proyecto2\Mi versión\Areli\prueba.asm
                 bit2_uno   0x000243    program     static D:\carlo\Documentos\FI\8vo Semestre\Microcomputadoras\Proyecto2\Mi versión\Areli\prueba.asm
                bit3_cero   0x00022e    program     static D:\carlo\Documentos\FI\8vo Semestre\Microcomputadoras\Proyecto2\Mi versión\Areli\prueba.asm
                 bit3_uno   0x000246    program     static D:\carlo\Documentos\FI\8vo Semestre\Microcomputadoras\Proyecto2\Mi versión\Areli\prueba.asm
                bit4_cero   0x000231    program     static D:\carlo\Documentos\FI\8vo Semestre\Microcomputadoras\Proyecto2\Mi versión\Areli\prueba.asm
                 bit4_uno   0x000249    program     static D:\carlo\Documentos\FI\8vo Semestre\Microcomputadoras\Proyecto2\Mi versión\Areli\prueba.asm
                bit5_cero   0x000234    program     static D:\carlo\Documentos\FI\8vo Semestre\Microcomputadoras\Proyecto2\Mi versión\Areli\prueba.asm
                 bit5_uno   0x00024c    program     static D:\carlo\Documentos\FI\8vo Semestre\Microcomputadoras\Proyecto2\Mi versión\Areli\prueba.asm
                bit6_cero   0x000237    program     static D:\carlo\Documentos\FI\8vo Semestre\Microcomputadoras\Proyecto2\Mi versión\Areli\prueba.asm
                 bit6_uno   0x00024f    program     static D:\carlo\Documentos\FI\8vo Semestre\Microcomputadoras\Proyecto2\Mi versión\Areli\prueba.asm
                bit7_cero   0x00023a    program     static D:\carlo\Documentos\FI\8vo Semestre\Microcomputadoras\Proyecto2\Mi versión\Areli\prueba.asm
                 bit7_uno   0x000252    program     static D:\carlo\Documentos\FI\8vo Semestre\Microcomputadoras\Proyecto2\Mi versión\Areli\prueba.asm
               caracteres   0x000086    program     static D:\carlo\Documentos\FI\8vo Semestre\Microcomputadoras\Proyecto2\Mi versión\Areli\prueba.asm
                    caso0   0x0001ba    program     static D:\carlo\Documentos\FI\8vo Semestre\Microcomputadoras\Proyecto2\Mi versión\Areli\prueba.asm
                    caso1   0x0001be    program     static D:\carlo\Documentos\FI\8vo Semestre\Microcomputadoras\Proyecto2\Mi versión\Areli\prueba.asm
                    caso2   0x0001c2    program     static D:\carlo\Documentos\FI\8vo Semestre\Microcomputadoras\Proyecto2\Mi versión\Areli\prueba.asm
                    caso3   0x0001c6    program     static D:\carlo\Documentos\FI\8vo Semestre\Microcomputadoras\Proyecto2\Mi versión\Areli\prueba.asm
                    caso4   0x0001ca    program     static D:\carlo\Documentos\FI\8vo Semestre\Microcomputadoras\Proyecto2\Mi versión\Areli\prueba.asm
                    caso5   0x0001ce    program     static D:\carlo\Documentos\FI\8vo Semestre\Microcomputadoras\Proyecto2\Mi versión\Areli\prueba.asm
                    caso6   0x0001d2    program     static D:\carlo\Documentos\FI\8vo Semestre\Microcomputadoras\Proyecto2\Mi versión\Areli\prueba.asm
                    caso7   0x0001d6    program     static D:\carlo\Documentos\FI\8vo Semestre\Microcomputadoras\Proyecto2\Mi versión\Areli\prueba.asm
                    caso8   0x0001da    program     static D:\carlo\Documentos\FI\8vo Semestre\Microcomputadoras\Proyecto2\Mi versión\Areli\prueba.asm
                    caso9   0x0001de    program     static D:\carlo\Documentos\FI\8vo Semestre\Microcomputadoras\Proyecto2\Mi versión\Areli\prueba.asm
                    casoA   0x0001e2    program     static D:\carlo\Documentos\FI\8vo Semestre\Microcomputadoras\Proyecto2\Mi versión\Areli\prueba.asm
                    casoB   0x0001e6    program     static D:\carlo\Documentos\FI\8vo Semestre\Microcomputadoras\Proyecto2\Mi versión\Areli\prueba.asm
                    casoC   0x0001ea    program     static D:\carlo\Documentos\FI\8vo Semestre\Microcomputadoras\Proyecto2\Mi versión\Areli\prueba.asm
                    casoD   0x0001ee    program     static D:\carlo\Documentos\FI\8vo Semestre\Microcomputadoras\Proyecto2\Mi versión\Areli\prueba.asm
                    casoE   0x0001f2    program     static D:\carlo\Documentos\FI\8vo Semestre\Microcomputadoras\Proyecto2\Mi versión\Areli\prueba.asm
                    casoF   0x0001f6    program     static D:\carlo\Documentos\FI\8vo Semestre\Microcomputadoras\Proyecto2\Mi versión\Areli\prueba.asm
                  comando   0x000204    program     static D:\carlo\Documentos\FI\8vo Semestre\Microcomputadoras\Proyecto2\Mi versión\Areli\prueba.asm
                    datos   0x00020b    program     static D:\carlo\Documentos\FI\8vo Semestre\Microcomputadoras\Proyecto2\Mi versión\Areli\prueba.asm
                  decimal   0x00014f    program     static D:\carlo\Documentos\FI\8vo Semestre\Microcomputadoras\Proyecto2\Mi versión\Areli\prueba.asm
                      dos   0x000259    program     static D:\carlo\Documentos\FI\8vo Semestre\Microcomputadoras\Proyecto2\Mi versión\Areli\prueba.asm
             escribe_cero   0x000221    program     static D:\carlo\Documentos\FI\8vo Semestre\Microcomputadoras\Proyecto2\Mi versión\Areli\prueba.asm
              escribe_uno   0x00021d    program     static D:\carlo\Documentos\FI\8vo Semestre\Microcomputadoras\Proyecto2\Mi versión\Areli\prueba.asm
              hexadecimal   0x000119    program     static D:\carlo\Documentos\FI\8vo Semestre\Microcomputadoras\Proyecto2\Mi versión\Areli\prueba.asm
               inicia_lcd   0x0001fa    program     static D:\carlo\Documentos\FI\8vo Semestre\Microcomputadoras\Proyecto2\Mi versión\Areli\prueba.asm
                   inicio   0x000005    program     static D:\carlo\Documentos\FI\8vo Semestre\Microcomputadoras\Proyecto2\Mi versión\Areli\prueba.asm
                     loop   0x000216    program     static D:\carlo\Documentos\FI\8vo Semestre\Microcomputadoras\Proyecto2\Mi versión\Areli\prueba.asm
                    loop1   0x000218    program     static D:\carlo\Documentos\FI\8vo Semestre\Microcomputadoras\Proyecto2\Mi versión\Areli\prueba.asm
                  nombres   0x000030    program     static D:\carlo\Documentos\FI\8vo Semestre\Microcomputadoras\Proyecto2\Mi versión\Areli\prueba.asm
                 ret100ms   0x000255    program     static D:\carlo\Documentos\FI\8vo Semestre\Microcomputadoras\Proyecto2\Mi versión\Areli\prueba.asm
                 ret200ms   0x000214    program     static D:\carlo\Documentos\FI\8vo Semestre\Microcomputadoras\Proyecto2\Mi versión\Areli\prueba.asm
                     tres   0x000257    program     static D:\carlo\Documentos\FI\8vo Semestre\Microcomputadoras\Proyecto2\Mi versión\Areli\prueba.asm
                      uno   0x00025b    program     static D:\carlo\Documentos\FI\8vo Semestre\Microcomputadoras\Proyecto2\Mi versión\Areli\prueba.asm



                              Symbols - Sorted by Address
                     Name    Address   Location    Storage File                     
                ---------  ---------  ---------  --------- ---------                
                   inicio   0x000005    program     static D:\carlo\Documentos\FI\8vo Semestre\Microcomputadoras\Proyecto2\Mi versión\Areli\prueba.asm
           EntradaTeclado   0x00001b    program     static D:\carlo\Documentos\FI\8vo Semestre\Microcomputadoras\Proyecto2\Mi versión\Areli\prueba.asm
                  nombres   0x000030    program     static D:\carlo\Documentos\FI\8vo Semestre\Microcomputadoras\Proyecto2\Mi versión\Areli\prueba.asm
                  binario   0x00005a    program     static D:\carlo\Documentos\FI\8vo Semestre\Microcomputadoras\Proyecto2\Mi versión\Areli\prueba.asm
               caracteres   0x000086    program     static D:\carlo\Documentos\FI\8vo Semestre\Microcomputadoras\Proyecto2\Mi versión\Areli\prueba.asm
              hexadecimal   0x000119    program     static D:\carlo\Documentos\FI\8vo Semestre\Microcomputadoras\Proyecto2\Mi versión\Areli\prueba.asm
                  decimal   0x00014f    program     static D:\carlo\Documentos\FI\8vo Semestre\Microcomputadoras\Proyecto2\Mi versión\Areli\prueba.asm
              Comparacion   0x000179    program     static D:\carlo\Documentos\FI\8vo Semestre\Microcomputadoras\Proyecto2\Mi versión\Areli\prueba.asm
                    caso0   0x0001ba    program     static D:\carlo\Documentos\FI\8vo Semestre\Microcomputadoras\Proyecto2\Mi versión\Areli\prueba.asm
                    caso1   0x0001be    program     static D:\carlo\Documentos\FI\8vo Semestre\Microcomputadoras\Proyecto2\Mi versión\Areli\prueba.asm
                    caso2   0x0001c2    program     static D:\carlo\Documentos\FI\8vo Semestre\Microcomputadoras\Proyecto2\Mi versión\Areli\prueba.asm
                    caso3   0x0001c6    program     static D:\carlo\Documentos\FI\8vo Semestre\Microcomputadoras\Proyecto2\Mi versión\Areli\prueba.asm
                    caso4   0x0001ca    program     static D:\carlo\Documentos\FI\8vo Semestre\Microcomputadoras\Proyecto2\Mi versión\Areli\prueba.asm
                    caso5   0x0001ce    program     static D:\carlo\Documentos\FI\8vo Semestre\Microcomputadoras\Proyecto2\Mi versión\Areli\prueba.asm
                    caso6   0x0001d2    program     static D:\carlo\Documentos\FI\8vo Semestre\Microcomputadoras\Proyecto2\Mi versión\Areli\prueba.asm
                    caso7   0x0001d6    program     static D:\carlo\Documentos\FI\8vo Semestre\Microcomputadoras\Proyecto2\Mi versión\Areli\prueba.asm
                    caso8   0x0001da    program     static D:\carlo\Documentos\FI\8vo Semestre\Microcomputadoras\Proyecto2\Mi versión\Areli\prueba.asm
                    caso9   0x0001de    program     static D:\carlo\Documentos\FI\8vo Semestre\Microcomputadoras\Proyecto2\Mi versión\Areli\prueba.asm
                    casoA   0x0001e2    program     static D:\carlo\Documentos\FI\8vo Semestre\Microcomputadoras\Proyecto2\Mi versión\Areli\prueba.asm
                    casoB   0x0001e6    program     static D:\carlo\Documentos\FI\8vo Semestre\Microcomputadoras\Proyecto2\Mi versión\Areli\prueba.asm
                    casoC   0x0001ea    program     static D:\carlo\Documentos\FI\8vo Semestre\Microcomputadoras\Proyecto2\Mi versión\Areli\prueba.asm
                    casoD   0x0001ee    program     static D:\carlo\Documentos\FI\8vo Semestre\Microcomputadoras\Proyecto2\Mi versión\Areli\prueba.asm
                    casoE   0x0001f2    program     static D:\carlo\Documentos\FI\8vo Semestre\Microcomputadoras\Proyecto2\Mi versión\Areli\prueba.asm
                    casoF   0x0001f6    program     static D:\carlo\Documentos\FI\8vo Semestre\Microcomputadoras\Proyecto2\Mi versión\Areli\prueba.asm
               inicia_lcd   0x0001fa    program     static D:\carlo\Documentos\FI\8vo Semestre\Microcomputadoras\Proyecto2\Mi versión\Areli\prueba.asm
                  comando   0x000204    program     static D:\carlo\Documentos\FI\8vo Semestre\Microcomputadoras\Proyecto2\Mi versión\Areli\prueba.asm
                    datos   0x00020b    program     static D:\carlo\Documentos\FI\8vo Semestre\Microcomputadoras\Proyecto2\Mi versión\Areli\prueba.asm
                 ret200ms   0x000214    program     static D:\carlo\Documentos\FI\8vo Semestre\Microcomputadoras\Proyecto2\Mi versión\Areli\prueba.asm
                     loop   0x000216    program     static D:\carlo\Documentos\FI\8vo Semestre\Microcomputadoras\Proyecto2\Mi versión\Areli\prueba.asm
                    loop1   0x000218    program     static D:\carlo\Documentos\FI\8vo Semestre\Microcomputadoras\Proyecto2\Mi versión\Areli\prueba.asm
              escribe_uno   0x00021d    program     static D:\carlo\Documentos\FI\8vo Semestre\Microcomputadoras\Proyecto2\Mi versión\Areli\prueba.asm
             escribe_cero   0x000221    program     static D:\carlo\Documentos\FI\8vo Semestre\Microcomputadoras\Proyecto2\Mi versión\Areli\prueba.asm
                bit0_cero   0x000225    program     static D:\carlo\Documentos\FI\8vo Semestre\Microcomputadoras\Proyecto2\Mi versión\Areli\prueba.asm
                bit1_cero   0x000228    program     static D:\carlo\Documentos\FI\8vo Semestre\Microcomputadoras\Proyecto2\Mi versión\Areli\prueba.asm
                bit2_cero   0x00022b    program     static D:\carlo\Documentos\FI\8vo Semestre\Microcomputadoras\Proyecto2\Mi versión\Areli\prueba.asm
                bit3_cero   0x00022e    program     static D:\carlo\Documentos\FI\8vo Semestre\Microcomputadoras\Proyecto2\Mi versión\Areli\prueba.asm
                bit4_cero   0x000231    program     static D:\carlo\Documentos\FI\8vo Semestre\Microcomputadoras\Proyecto2\Mi versión\Areli\prueba.asm
                bit5_cero   0x000234    program     static D:\carlo\Documentos\FI\8vo Semestre\Microcomputadoras\Proyecto2\Mi versión\Areli\prueba.asm
                bit6_cero   0x000237    program     static D:\carlo\Documentos\FI\8vo Semestre\Microcomputadoras\Proyecto2\Mi versión\Areli\prueba.asm
                bit7_cero   0x00023a    program     static D:\carlo\Documentos\FI\8vo Semestre\Microcomputadoras\Proyecto2\Mi versión\Areli\prueba.asm
                 bit0_uno   0x00023d    program     static D:\carlo\Documentos\FI\8vo Semestre\Microcomputadoras\Proyecto2\Mi versión\Areli\prueba.asm
                 bit1_uno   0x000240    program     static D:\carlo\Documentos\FI\8vo Semestre\Microcomputadoras\Proyecto2\Mi versión\Areli\prueba.asm
                 bit2_uno   0x000243    program     static D:\carlo\Documentos\FI\8vo Semestre\Microcomputadoras\Proyecto2\Mi versión\Areli\prueba.asm
                 bit3_uno   0x000246    program     static D:\carlo\Documentos\FI\8vo Semestre\Microcomputadoras\Proyecto2\Mi versión\Areli\prueba.asm
                 bit4_uno   0x000249    program     static D:\carlo\Documentos\FI\8vo Semestre\Microcomputadoras\Proyecto2\Mi versión\Areli\prueba.asm
                 bit5_uno   0x00024c    program     static D:\carlo\Documentos\FI\8vo Semestre\Microcomputadoras\Proyecto2\Mi versión\Areli\prueba.asm
                 bit6_uno   0x00024f    program     static D:\carlo\Documentos\FI\8vo Semestre\Microcomputadoras\Proyecto2\Mi versión\Areli\prueba.asm
                 bit7_uno   0x000252    program     static D:\carlo\Documentos\FI\8vo Semestre\Microcomputadoras\Proyecto2\Mi versión\Areli\prueba.asm
                 ret100ms   0x000255    program     static D:\carlo\Documentos\FI\8vo Semestre\Microcomputadoras\Proyecto2\Mi versión\Areli\prueba.asm
                     tres   0x000257    program     static D:\carlo\Documentos\FI\8vo Semestre\Microcomputadoras\Proyecto2\Mi versión\Areli\prueba.asm
                      dos   0x000259    program     static D:\carlo\Documentos\FI\8vo Semestre\Microcomputadoras\Proyecto2\Mi versión\Areli\prueba.asm
                      uno   0x00025b    program     static D:\carlo\Documentos\FI\8vo Semestre\Microcomputadoras\Proyecto2\Mi versión\Areli\prueba.asm


