MPLINK 4.49, Linker
Linker Map File - Created Sun May 28 22:03:19 2023

                                 Section Info
                  Section       Type    Address   Location Size(Bytes)
                ---------  ---------  ---------  ---------  ---------
                   .org_0       code   0x000000    program   0x000000
                   .org_1       code   0x000000    program   0x000002
                   .org_2       code   0x000005    program   0x0000c8



                              Program Memory Usage 
                               Start         End      
                           ---------   ---------      
                            0x000000    0x000000      
                            0x000005    0x000068      
            101 out of 8454 program addresses used, program memory utilization is 1%



                              Symbols - Sorted by Name
                     Name    Address   Location    Storage File                     
                ---------  ---------  ---------  --------- ---------                
                     CERO   0x00002f    program     static D:\carlo\Documentos\FI\8vo Semestre\Micro-computadoras\Microcomputadoras\Proyecto4\v2\P7ACT6_1 (1).asm
                   CUATRO   0x000052    program     static D:\carlo\Documentos\FI\8vo Semestre\Micro-computadoras\Microcomputadoras\Proyecto4\v2\P7ACT6_1 (1).asm
                      DOS   0x00003e    program     static D:\carlo\Documentos\FI\8vo Semestre\Micro-computadoras\Microcomputadoras\Proyecto4\v2\P7ACT6_1 (1).asm
                   INICIO   0x000005    program     static D:\carlo\Documentos\FI\8vo Semestre\Micro-computadoras\Microcomputadoras\Proyecto4\v2\P7ACT6_1 (1).asm
                   RECIBE   0x000014    program     static D:\carlo\Documentos\FI\8vo Semestre\Micro-computadoras\Microcomputadoras\Proyecto4\v2\P7ACT6_1 (1).asm
                  RETARDO   0x00005c    program     static D:\carlo\Documentos\FI\8vo Semestre\Micro-computadoras\Microcomputadoras\Proyecto4\v2\P7ACT6_1 (1).asm
                 TRASMITE   0x00002b    program     static D:\carlo\Documentos\FI\8vo Semestre\Micro-computadoras\Microcomputadoras\Proyecto4\v2\P7ACT6_1 (1).asm
                     TRES   0x000048    program     static D:\carlo\Documentos\FI\8vo Semestre\Micro-computadoras\Microcomputadoras\Proyecto4\v2\P7ACT6_1 (1).asm
                      UNO   0x000034    program     static D:\carlo\Documentos\FI\8vo Semestre\Micro-computadoras\Microcomputadoras\Proyecto4\v2\P7ACT6_1 (1).asm
                      dos   0x000060    program     static D:\carlo\Documentos\FI\8vo Semestre\Micro-computadoras\Microcomputadoras\Proyecto4\v2\P7ACT6_1 (1).asm
                     tres   0x00005e    program     static D:\carlo\Documentos\FI\8vo Semestre\Micro-computadoras\Microcomputadoras\Proyecto4\v2\P7ACT6_1 (1).asm
                      uno   0x000062    program     static D:\carlo\Documentos\FI\8vo Semestre\Micro-computadoras\Microcomputadoras\Proyecto4\v2\P7ACT6_1 (1).asm



                              Symbols - Sorted by Address
                     Name    Address   Location    Storage File                     
                ---------  ---------  ---------  --------- ---------                
                   INICIO   0x000005    program     static D:\carlo\Documentos\FI\8vo Semestre\Micro-computadoras\Microcomputadoras\Proyecto4\v2\P7ACT6_1 (1).asm
                   RECIBE   0x000014    program     static D:\carlo\Documentos\FI\8vo Semestre\Micro-computadoras\Microcomputadoras\Proyecto4\v2\P7ACT6_1 (1).asm
                 TRASMITE   0x00002b    program     static D:\carlo\Documentos\FI\8vo Semestre\Micro-computadoras\Microcomputadoras\Proyecto4\v2\P7ACT6_1 (1).asm
                     CERO   0x00002f    program     static D:\carlo\Documentos\FI\8vo Semestre\Micro-computadoras\Microcomputadoras\Proyecto4\v2\P7ACT6_1 (1).asm
                      UNO   0x000034    program     static D:\carlo\Documentos\FI\8vo Semestre\Micro-computadoras\Microcomputadoras\Proyecto4\v2\P7ACT6_1 (1).asm
                      DOS   0x00003e    program     static D:\carlo\Documentos\FI\8vo Semestre\Micro-computadoras\Microcomputadoras\Proyecto4\v2\P7ACT6_1 (1).asm
                     TRES   0x000048    program     static D:\carlo\Documentos\FI\8vo Semestre\Micro-computadoras\Microcomputadoras\Proyecto4\v2\P7ACT6_1 (1).asm
                   CUATRO   0x000052    program     static D:\carlo\Documentos\FI\8vo Semestre\Micro-computadoras\Microcomputadoras\Proyecto4\v2\P7ACT6_1 (1).asm
                  RETARDO   0x00005c    program     static D:\carlo\Documentos\FI\8vo Semestre\Micro-computadoras\Microcomputadoras\Proyecto4\v2\P7ACT6_1 (1).asm
                     tres   0x00005e    program     static D:\carlo\Documentos\FI\8vo Semestre\Micro-computadoras\Microcomputadoras\Proyecto4\v2\P7ACT6_1 (1).asm
                      dos   0x000060    program     static D:\carlo\Documentos\FI\8vo Semestre\Micro-computadoras\Microcomputadoras\Proyecto4\v2\P7ACT6_1 (1).asm
                      uno   0x000062    program     static D:\carlo\Documentos\FI\8vo Semestre\Micro-computadoras\Microcomputadoras\Proyecto4\v2\P7ACT6_1 (1).asm


