MPLINK 4.49, Linker
Linker Map File - Created Wed May 31 21:56:40 2023

                                 Section Info
                  Section       Type    Address   Location Size(Bytes)
                ---------  ---------  ---------  ---------  ---------
                   .org_0       code   0x000000    program   0x000000
                   .org_1       code   0x000000    program   0x000002
                   .org_2       code   0x000005    program   0x000086



                              Program Memory Usage 
                               Start         End      
                           ---------   ---------      
                            0x000000    0x000000      
                            0x000005    0x000047      
            68 out of 8454 program addresses used, program memory utilization is 0%



                              Symbols - Sorted by Name
                     Name    Address   Location    Storage File                     
                ---------  ---------  ---------  --------- ---------                
                 Adelante   0x000028    program     static D:\carlo\Documentos\FI\8vo Semestre\Micro-computadoras\Microcomputadoras\Proyecto4\v3\P7E2.asm
                    Atras   0x000037    program     static D:\carlo\Documentos\FI\8vo Semestre\Micro-computadoras\Microcomputadoras\Proyecto4\v3\P7E2.asm
                  Derecha   0x00002c    program     static D:\carlo\Documentos\FI\8vo Semestre\Micro-computadoras\Microcomputadoras\Proyecto4\v3\P7E2.asm
                   Inicio   0x000005    program     static D:\carlo\Documentos\FI\8vo Semestre\Micro-computadoras\Microcomputadoras\Proyecto4\v3\P7E2.asm
                Izquierda   0x000033    program     static D:\carlo\Documentos\FI\8vo Semestre\Micro-computadoras\Microcomputadoras\Proyecto4\v3\P7E2.asm
                    Parar   0x000030    program     static D:\carlo\Documentos\FI\8vo Semestre\Micro-computadoras\Microcomputadoras\Proyecto4\v3\P7E2.asm
                   Recibe   0x000011    program     static D:\carlo\Documentos\FI\8vo Semestre\Micro-computadoras\Microcomputadoras\Proyecto4\v3\P7E2.asm
                Seleccion   0x000014    program     static D:\carlo\Documentos\FI\8vo Semestre\Micro-computadoras\Microcomputadoras\Proyecto4\v3\P7E2.asm
                      dos   0x00003f    program     static D:\carlo\Documentos\FI\8vo Semestre\Micro-computadoras\Microcomputadoras\Proyecto4\v3\P7E2.asm
                  retardo   0x00003b    program     static D:\carlo\Documentos\FI\8vo Semestre\Micro-computadoras\Microcomputadoras\Proyecto4\v3\P7E2.asm
                     tres   0x00003d    program     static D:\carlo\Documentos\FI\8vo Semestre\Micro-computadoras\Microcomputadoras\Proyecto4\v3\P7E2.asm
                      uno   0x000041    program     static D:\carlo\Documentos\FI\8vo Semestre\Micro-computadoras\Microcomputadoras\Proyecto4\v3\P7E2.asm



                              Symbols - Sorted by Address
                     Name    Address   Location    Storage File                     
                ---------  ---------  ---------  --------- ---------                
                   Inicio   0x000005    program     static D:\carlo\Documentos\FI\8vo Semestre\Micro-computadoras\Microcomputadoras\Proyecto4\v3\P7E2.asm
                   Recibe   0x000011    program     static D:\carlo\Documentos\FI\8vo Semestre\Micro-computadoras\Microcomputadoras\Proyecto4\v3\P7E2.asm
                Seleccion   0x000014    program     static D:\carlo\Documentos\FI\8vo Semestre\Micro-computadoras\Microcomputadoras\Proyecto4\v3\P7E2.asm
                 Adelante   0x000028    program     static D:\carlo\Documentos\FI\8vo Semestre\Micro-computadoras\Microcomputadoras\Proyecto4\v3\P7E2.asm
                  Derecha   0x00002c    program     static D:\carlo\Documentos\FI\8vo Semestre\Micro-computadoras\Microcomputadoras\Proyecto4\v3\P7E2.asm
                    Parar   0x000030    program     static D:\carlo\Documentos\FI\8vo Semestre\Micro-computadoras\Microcomputadoras\Proyecto4\v3\P7E2.asm
                Izquierda   0x000033    program     static D:\carlo\Documentos\FI\8vo Semestre\Micro-computadoras\Microcomputadoras\Proyecto4\v3\P7E2.asm
                    Atras   0x000037    program     static D:\carlo\Documentos\FI\8vo Semestre\Micro-computadoras\Microcomputadoras\Proyecto4\v3\P7E2.asm
                  retardo   0x00003b    program     static D:\carlo\Documentos\FI\8vo Semestre\Micro-computadoras\Microcomputadoras\Proyecto4\v3\P7E2.asm
                     tres   0x00003d    program     static D:\carlo\Documentos\FI\8vo Semestre\Micro-computadoras\Microcomputadoras\Proyecto4\v3\P7E2.asm
                      dos   0x00003f    program     static D:\carlo\Documentos\FI\8vo Semestre\Micro-computadoras\Microcomputadoras\Proyecto4\v3\P7E2.asm
                      uno   0x000041    program     static D:\carlo\Documentos\FI\8vo Semestre\Micro-computadoras\Microcomputadoras\Proyecto4\v3\P7E2.asm


